#-----------------------------------------------------------
# Vivado v2021.2 (64-bit)
# SW Build 3367213 on Tue Oct 19 02:48:09 MDT 2021
# IP Build 3369179 on Thu Oct 21 08:25:16 MDT 2021
# Start of session at: Mon Jun 20 20:16:29 2022
# Process ID: 30788
# Current directory: C:/Users/omkol/OneDrive - purdue.edu/Academics/Purdue/Testing System/NNT_DAQ/ADC_16Ch_Stream
# Command line: vivado.exe -gui_launcher_event rodinguilauncherevent18604 C:\Users\omkol\OneDrive - purdue.edu\Academics\Purdue\Testing System\NNT_DAQ\ADC_16Ch_Stream\ADC_16Ch_Stream.xpr
# Log file: C:/Users/omkol/OneDrive - purdue.edu/Academics/Purdue/Testing System/NNT_DAQ/ADC_16Ch_Stream/vivado.log
# Journal file: C:/Users/omkol/OneDrive - purdue.edu/Academics/Purdue/Testing System/NNT_DAQ/ADC_16Ch_Stream\vivado.jou
# Running On: LAPTOP-4PT5HRKL, OS: Windows, CPU Frequency: 2296 MHz, CPU Physical cores: 12, Host memory: 15919 MB
#-----------------------------------------------------------
start_gui
open_project {C:/Users/omkol/OneDrive - purdue.edu/Academics/Purdue/Testing System/NNT_DAQ/ADC_16Ch_Stream/ADC_16Ch_Stream.xpr}
