#-----------------------------------------------------------
# Vivado v2021.2 (64-bit)
# SW Build 3367213 on Tue Oct 19 02:48:09 MDT 2021
# IP Build 3369179 on Thu Oct 21 08:25:16 MDT 2021
# Start of session at: Thu Jun 16 22:24:48 2022
# Process ID: 32200
# Current directory: C:/Users/okolhe/OneDrive - purdue.edu/Academics/Purdue/Testing System/NNT_DAQ/ADC_16Ch_Stream
# Command line: vivado.exe C:\Users\okolhe\OneDrive - purdue.edu\Academics\Purdue\Testing System\NNT_DAQ\ADC_16Ch_Stream\ADC_16Ch_Stream.xpr
# Log file: C:/Users/okolhe/OneDrive - purdue.edu/Academics/Purdue/Testing System/NNT_DAQ/ADC_16Ch_Stream/vivado.log
# Journal file: C:/Users/okolhe/OneDrive - purdue.edu/Academics/Purdue/Testing System/NNT_DAQ/ADC_16Ch_Stream\vivado.jou
# Running On: X-MJISB050PC03, OS: Windows, CPU Frequency: 2904 MHz, CPU Physical cores: 8, Host memory: 34060 MB
#-----------------------------------------------------------
start_gui
open_project {C:/Users/okolhe/OneDrive - purdue.edu/Academics/Purdue/Testing System/NNT_DAQ/ADC_16Ch_Stream/ADC_16Ch_Stream.xpr}
